﻿
> vite_react_shadcn_ts@0.0.0 build
> vite build

[36mvite v5.4.19 [32mbuilding for production...[36m[39m
transforming...
node.exe : Browserslist: browsers data (caniuse-lite) is 10 months old. Please run:
No linha:1 caractere:1
+ & "C:\Program Files\nodejs/node.exe" "C:\Program Files\nodejs/node_mo ...
+ ~~~~~~~~~~~~~~~~~~~~~~~~~~~~~~~~~~~~~~~~~~~~~~~~~~~~~~~~~~~~~~~~~~~~~
    + CategoryInfo          : NotSpecified: (Browserslist: b...ld. Please run::String) [], RemoteException
    + FullyQualifiedErrorId : NativeCommandError
 
  npx update-browserslist-db@latest
  Why you should do it regularly: https://github.com/browserslist/update-db#readme
[32mÔ£ô[39m 41 modules transformed.
[31mx[39m Build failed in 4.48s
[31merror during build:
[31m[vite:esbuild] Transform failed with 2 errors:
C:/Users/fabiovieitas/Desktop/Super Gerador/gerador-atas-aviva/src/pages/Historico.tsx:421:12: ERROR: The character 
"}" is not valid inside a JSX element
C:/Users/fabiovieitas/Desktop/Super Gerador/gerador-atas-aviva/src/pages/Historico.tsx:423:7: ERROR: Expected ")" but 
found "}"[31m
file: [36mC:/Users/fabiovieitas/Desktop/Super Gerador/gerador-atas-aviva/src/pages/Historico.tsx:421:12[31m
[33m
[33mThe character "}" is not valid inside a JSX element[33m
419|                </div>
420|              </div>
421|            ))}
   |              ^
422|          </div>
423|        )}

[33mExpected ")" but found "}"[33m
421|            ))}
422|          </div>
423|        )}
   |         ^
424|      </div>
425|    );
[31m
    at failureErrorWithLog (C:\Users\fabiovieitas\Desktop\Super 
Gerador\gerador-atas-aviva\node_modules\esbuild\lib\main.js:1472:15)
    at C:\Users\fabiovieitas\Desktop\Super Gerador\gerador-atas-aviva\node_modules\esbuild\lib\main.js:755:50
    at responseCallbacks.<computed> (C:\Users\fabiovieitas\Desktop\Super 
Gerador\gerador-atas-aviva\node_modules\esbuild\lib\main.js:622:9)
    at handleIncomingPacket (C:\Users\fabiovieitas\Desktop\Super 
Gerador\gerador-atas-aviva\node_modules\esbuild\lib\main.js:677:12)
    at Socket.readFromStdout (C:\Users\fabiovieitas\Desktop\Super 
Gerador\gerador-atas-aviva\node_modules\esbuild\lib\main.js:600:7)
    at Socket.emit (node:events:519:28)
    at addChunk (node:internal/streams/readable:561:12)
    at readableAddChunkPushByteMode (node:internal/streams/readable:512:3)
    at Readable.push (node:internal/streams/readable:392:5)
    at Pipe.onStreamRead (node:internal/stream_base_commons:189:23)[39m
